     1                                  bits 32
     2                                  global _ProgramC       
     3                                  segment data public data use32
     4                                  segment code public code use32
     5                                  _ProgramC:
     6                                      start:
     7 00000000 55                              push ebp; punem ebp pe stiva
     8 00000001 89E5                            mov ebp, esp
     9                                          
    10 00000003 8B4508                          mov eax, [ebp + 8]; eax = valoarea de la ebp+8
    11 00000006 8B5D0C                          mov ebx, [ebp + 12]; ebx = valoarea de la ebp+12
    12 00000009 8B4D10                          mov ecx, [ebp + 16]; ecx = valoarea de la ebp+16
    13                                          
    14 0000000C 01D8                            add eax, ebx; eax = eax + ebx (a+b)
    15 0000000E 29C8                            sub eax,ecx; eax = eax - ecx (a+b-c)
    16                                          
    17 00000010 89EC                            mov esp, ebp
    18 00000012 5D                              pop ebp; eliberam stiva
    19                                  
    20 00000013 C3                              ret
